################################################################################
#                                                                              #
#      IAR Universal Linker V5.4.1.30                                          #
#                                                                              #
#           Link time     =  15/Feb/2013  15:04:25                             #
#           Target CPU    =  MSP430                                            #
#           List file     =  "C:\Users\ArthurH.C\Desktop\TI eZ430-Chronos1.1.1 #
#                            \Sources\IAR\Updated Watch\915MHz - Unrestricted  #
#                            IAR Workbench (USA)\List\ez430_chronos_915MHz.map #
#                            "                                                 #
#           Output file 1 =  "C:\Users\ArthurH.C\Desktop\TI eZ430-Chronos1.1.1 #
#                            \Sources\IAR\Updated Watch\915MHz - Unrestricted  #
#                            IAR Workbench (USA)\Exe\ez430_chronos_915MHz.d43" #
#                            Format: msp430_txt                                #
#           Output file 2 =  "C:\Users\ArthurH.C\Desktop\TI eZ430-Chronos1.1.1 #
#                            \Sources\IAR\Updated Watch\915MHz - Unrestricted  #
#                            IAR Workbench (USA)\Exe\ez430_chronos_915MHz.txt" #
#                            Format: msp430_txt                                #
#           Command line  =  "C:\Users\ArthurH.C\Desktop\TI eZ430-Chronos1.1.1 #
#                            \Sources\IAR\Updated Watch\915MHz - Unrestricted  #
#                            IAR Workbench (USA)\Obj\acceleration.r43"         #
#                            "C:\Users\ArthurH.C\Desktop\TI eZ430-Chronos1.1.1 #
#                            \Sources\IAR\Updated Watch\915MHz - Unrestricted  #
#                            IAR Workbench (USA)\Obj\adc12.r43"                #
#                            "C:\Users\ArthurH.C\Desktop\TI eZ430-Chronos1.1.1 #
#                            \Sources\IAR\Updated Watch\915MHz - Unrestricted  #
#                            IAR Workbench (USA)\Obj\alarm.r43"                #
#                            "C:\Users\ArthurH.C\Desktop\TI eZ430-Chronos1.1.1 #
#                            \Sources\IAR\Updated Watch\915MHz - Unrestricted  #
#                            IAR Workbench (USA)\Obj\altitude.r43"             #
#                            "C:\Users\ArthurH.C\Desktop\TI eZ430-Chronos1.1.1 #
#                            \Sources\IAR\Updated Watch\915MHz - Unrestricted  #
#                            IAR Workbench (USA)\Obj\battery.r43"              #
#                            "C:\Users\ArthurH.C\Desktop\TI eZ430-Chronos1.1.1 #
#                            \Sources\IAR\Updated Watch\915MHz - Unrestricted  #
#                            IAR Workbench (USA)\Obj\bsp.r43"                  #
#                            "C:\Users\ArthurH.C\Desktop\TI eZ430-Chronos1.1.1 #
#                            \Sources\IAR\Updated Watch\915MHz - Unrestricted  #
#                            IAR Workbench (USA)\Obj\buzzer.r43"               #
#                            "C:\Users\ArthurH.C\Desktop\TI eZ430-Chronos1.1.1 #
#                            \Sources\IAR\Updated Watch\915MHz - Unrestricted  #
#                            IAR Workbench (USA)\Obj\clock.r43"                #
#                            "C:\Users\ArthurH.C\Desktop\TI eZ430-Chronos1.1.1 #
#                            \Sources\IAR\Updated Watch\915MHz - Unrestricted  #
#                            IAR Workbench (USA)\Obj\countdowntimer.r43"       #
#                            "C:\Users\ArthurH.C\Desktop\TI eZ430-Chronos1.1.1 #
#                            \Sources\IAR\Updated Watch\915MHz - Unrestricted  #
#                            IAR Workbench (USA)\Obj\date.r43"                 #
#                            "C:\Users\ArthurH.C\Desktop\TI eZ430-Chronos1.1.1 #
#                            \Sources\IAR\Updated Watch\915MHz - Unrestricted  #
#                            IAR Workbench (USA)\Obj\display.r43"              #
#                            "C:\Users\ArthurH.C\Desktop\TI eZ430-Chronos1.1.1 #
#                            \Sources\IAR\Updated Watch\915MHz - Unrestricted  #
#                            IAR Workbench (USA)\Obj\display1.r43"             #
#                            "C:\Users\ArthurH.C\Desktop\TI eZ430-Chronos1.1.1 #
#                            \Sources\IAR\Updated Watch\915MHz - Unrestricted  #
#                            IAR Workbench (USA)\Obj\display2.r43"             #
#                            "C:\Users\ArthurH.C\Desktop\TI eZ430-Chronos1.1.1 #
#                            \Sources\IAR\Updated Watch\915MHz - Unrestricted  #
#                            IAR Workbench (USA)\Obj\main.r43"                 #
#                            "C:\Users\ArthurH.C\Desktop\TI eZ430-Chronos1.1.1 #
#                            \Sources\IAR\Updated Watch\915MHz - Unrestricted  #
#                            IAR Workbench (USA)\Obj\main_ED_BM.r43"           #
#                            "C:\Users\ArthurH.C\Desktop\TI eZ430-Chronos1.1.1 #
#                            \Sources\IAR\Updated Watch\915MHz - Unrestricted  #
#                            IAR Workbench (USA)\Obj\menu.r43"                 #
#                            "C:\Users\ArthurH.C\Desktop\TI eZ430-Chronos1.1.1 #
#                            \Sources\IAR\Updated Watch\915MHz - Unrestricted  #
#                            IAR Workbench (USA)\Obj\mrfi.r43"                 #
#                            "C:\Users\ArthurH.C\Desktop\TI eZ430-Chronos1.1.1 #
#                            \Sources\IAR\Updated Watch\915MHz - Unrestricted  #
#                            IAR Workbench (USA)\Obj\nwk.r43"                  #
#                            "C:\Users\ArthurH.C\Desktop\TI eZ430-Chronos1.1.1 #
#                            \Sources\IAR\Updated Watch\915MHz - Unrestricted  #
#                            IAR Workbench (USA)\Obj\nwk_QMgmt.r43"            #
#                            "C:\Users\ArthurH.C\Desktop\TI eZ430-Chronos1.1.1 #
#                            \Sources\IAR\Updated Watch\915MHz - Unrestricted  #
#                            IAR Workbench (USA)\Obj\nwk_api.r43"              #
#                            "C:\Users\ArthurH.C\Desktop\TI eZ430-Chronos1.1.1 #
#                            \Sources\IAR\Updated Watch\915MHz - Unrestricted  #
#                            IAR Workbench (USA)\Obj\nwk_frame.r43"            #
#                            "C:\Users\ArthurH.C\Desktop\TI eZ430-Chronos1.1.1 #
#                            \Sources\IAR\Updated Watch\915MHz - Unrestricted  #
#                            IAR Workbench (USA)\Obj\nwk_freq.r43"             #
#                            "C:\Users\ArthurH.C\Desktop\TI eZ430-Chronos1.1.1 #
#                            \Sources\IAR\Updated Watch\915MHz - Unrestricted  #
#                            IAR Workbench (USA)\Obj\nwk_globals.r43"          #
#                            "C:\Users\ArthurH.C\Desktop\TI eZ430-Chronos1.1.1 #
#                            \Sources\IAR\Updated Watch\915MHz - Unrestricted  #
#                            IAR Workbench (USA)\Obj\nwk_ioctl.r43"            #
#                            "C:\Users\ArthurH.C\Desktop\TI eZ430-Chronos1.1.1 #
#                            \Sources\IAR\Updated Watch\915MHz - Unrestricted  #
#                            IAR Workbench (USA)\Obj\nwk_join.r43"             #
#                            "C:\Users\ArthurH.C\Desktop\TI eZ430-Chronos1.1.1 #
#                            \Sources\IAR\Updated Watch\915MHz - Unrestricted  #
#                            IAR Workbench (USA)\Obj\nwk_link.r43"             #
#                            "C:\Users\ArthurH.C\Desktop\TI eZ430-Chronos1.1.1 #
#                            \Sources\IAR\Updated Watch\915MHz - Unrestricted  #
#                            IAR Workbench (USA)\Obj\nwk_mgmt.r43"             #
#                            "C:\Users\ArthurH.C\Desktop\TI eZ430-Chronos1.1.1 #
#                            \Sources\IAR\Updated Watch\915MHz - Unrestricted  #
#                            IAR Workbench (USA)\Obj\nwk_ping.r43"             #
#                            "C:\Users\ArthurH.C\Desktop\TI eZ430-Chronos1.1.1 #
#                            \Sources\IAR\Updated Watch\915MHz - Unrestricted  #
#                            IAR Workbench (USA)\Obj\nwk_security.r43"         #
#                            "C:\Users\ArthurH.C\Desktop\TI eZ430-Chronos1.1.1 #
#                            \Sources\IAR\Updated Watch\915MHz - Unrestricted  #
#                            IAR Workbench (USA)\Obj\pmm.r43"                  #
#                            "C:\Users\ArthurH.C\Desktop\TI eZ430-Chronos1.1.1 #
#                            \Sources\IAR\Updated Watch\915MHz - Unrestricted  #
#                            IAR Workbench (USA)\Obj\ports.r43"                #
#                            "C:\Users\ArthurH.C\Desktop\TI eZ430-Chronos1.1.1 #
#                            \Sources\IAR\Updated Watch\915MHz - Unrestricted  #
#                            IAR Workbench (USA)\Obj\radio.r43"                #
#                            "C:\Users\ArthurH.C\Desktop\TI eZ430-Chronos1.1.1 #
#                            \Sources\IAR\Updated Watch\915MHz - Unrestricted  #
#                            IAR Workbench (USA)\Obj\random.r43"               #
#                            "C:\Users\ArthurH.C\Desktop\TI eZ430-Chronos1.1.1 #
#                            \Sources\IAR\Updated Watch\915MHz - Unrestricted  #
#                            IAR Workbench (USA)\Obj\rf1a.r43"                 #
#                            "C:\Users\ArthurH.C\Desktop\TI eZ430-Chronos1.1.1 #
#                            \Sources\IAR\Updated Watch\915MHz - Unrestricted  #
#                            IAR Workbench (USA)\Obj\rfbsl.r43"                #
#                            "C:\Users\ArthurH.C\Desktop\TI eZ430-Chronos1.1.1 #
#                            \Sources\IAR\Updated Watch\915MHz - Unrestricted  #
#                            IAR Workbench (USA)\Obj\rfsimpliciti.r43"         #
#                            "C:\Users\ArthurH.C\Desktop\TI eZ430-Chronos1.1.1 #
#                            \Sources\IAR\Updated Watch\915MHz - Unrestricted  #
#                            IAR Workbench (USA)\Obj\stopwatch.r43"            #
#                            "C:\Users\ArthurH.C\Desktop\TI eZ430-Chronos1.1.1 #
#                            \Sources\IAR\Updated Watch\915MHz - Unrestricted  #
#                            IAR Workbench (USA)\Obj\temperature.r43"          #
#                            "C:\Users\ArthurH.C\Desktop\TI eZ430-Chronos1.1.1 #
#                            \Sources\IAR\Updated Watch\915MHz - Unrestricted  #
#                            IAR Workbench (USA)\Obj\timer.r43"                #
#                            "C:\Users\ArthurH.C\Desktop\TI eZ430-Chronos1.1.1 #
#                            \Sources\IAR\Updated Watch\915MHz - Unrestricted  #
#                            IAR Workbench (USA)\Obj\user.r43"                 #
#                            "C:\Users\ArthurH.C\Desktop\TI eZ430-Chronos1.1.1 #
#                            \Sources\IAR\Updated Watch\915MHz - Unrestricted  #
#                            IAR Workbench (USA)\Obj\vti_as.r43"               #
#                            "C:\Users\ArthurH.C\Desktop\TI eZ430-Chronos1.1.1 #
#                            \Sources\IAR\Updated Watch\915MHz - Unrestricted  #
#                            IAR Workbench (USA)\Obj\vti_ps.r43"               #
#                            -o                                                #
#                            "C:\Users\ArthurH.C\Desktop\TI eZ430-Chronos1.1.1 #
#                            \Sources\IAR\Updated Watch\915MHz - Unrestricted  #
#                            IAR Workbench (USA)\Exe\ez430_chronos_915MHz.d43" #
#                            -Fmsp430_txt -l                                   #
#                            "C:\Users\ArthurH.C\Desktop\TI eZ430-Chronos1.1.1 #
#                            \Sources\IAR\Updated Watch\915MHz - Unrestricted  #
#                            IAR Workbench (USA)\List\ez430_chronos_915MHz.map #
#                            "                                                 #
#                            -xmsn                                             #
#                            "-IC:\Program Files (x86)\IAR Systems\Embedded Wo #
#                            rkbench 6.4\430\LIB\"                             #
#                            -f                                                #
#                            "C:\Program Files (x86)\IAR Systems\Embedded Work #
#                            bench 6.4\430\CONFIG\lnkCC430F6137.xcl"           #
#                            (-cmsp430 -D?CPU30_OFFSET=2 -QCODE_I=CODE_ID      #
#                            -Z(DATA)DATA16_I,DATA16_Z,DATA16_N,TLS16_I,DATA16 #
#                            _HEAP+_DATA16_HEAP_SIZE=1C00-2BFD                 #
#                            -Z(DATA)CODE_I -Z(DATA)CSTACK+_STACK_SIZE#        #
#                            -Z(CONST)INFO=1800-19FF                           #
#                            -Z(CONST)INFOA=1980-19FF                          #
#                            -Z(CONST)INFOB=1900-197F                          #
#                            -Z(CONST)INFOC=1880-18FF                          #
#                            -Z(CONST)INFOD=1800-187F                          #
#                            -Z(CONST)DATA16_C,DATA16_ID,TLS16_ID,DIFUNCT,CHEC #
#                            KSUM=8000-FF7F                                    #
#                            -Z(CODE)CSTART,ISR_CODE,CODE_ID=8000-FF7F         #
#                            -P(CODE)CODE=8000-FF7F -Z(CODE)INTVEC=FF80-FFFF   #
#                            -Z(CODE)RESET=FFFE-FFFF) -D_STACK_SIZE=100        #
#                            "C:\Program Files (x86)\IAR Systems\Embedded Work #
#                            bench 6.4\430\LIB\DLIB\dl430xsfn.r43"             #
#                            -e_PrintfLarge=_Printf -e_ScanfLarge=_Scanf       #
#                            -D_DATA16_HEAP_SIZE=50                            #
#                            "-Omsp430_txt=C:\Users\ArthurH.C\Desktop\TI eZ430 #
#                            -Chronos1.1.1\Sources\IAR\Updated Watch\915MHz -  #
#                            Unrestricted IAR Workbench (USA)\Exe\ez430_chrono #
#                            s_915MHz.txt"                                     #
#                            -s __program_start -D_DATA20_HEAP_SIZE=50         #
#                                                                              #
#                           Copyright (C) 1987-2012 IAR Systems AB.            #
################################################################################





                ****************************************
                *                                      *
                *           CROSS REFERENCE            *
                *                                      *
                ****************************************

       Program entry at :           85AA  Relocatable, from module : ?cstart




                ****************************************
                *                                      *
                *            RUNTIME MODEL             *
                *                                      *
                ****************************************

  __Heap_Handler             = Basic
  __SystemLibrary            = DLib
  __core                     = 430X
  __data_model               = small
  __dlib_file_descriptor     = 0
  __dlib_full_locale_support = 0
  __double_size              = 32
  __pic                      = no
  __reg_r4                   = free
  __reg_r5                   = free
  __rt_version               = 3

                ****************************************
                *                                      *
                *    AUTOMATIC SYMBOL REDIRECTIONS     *
                *                                      *
                ****************************************

                  There are no automatic symbol redirections.



                ****************************************
                *                                      *
                *              MODULE MAP              *
                *                                      *
                ****************************************


  DEFINED ABSOLUTE ENTRIES
    *************************************************************************

  DEFINED ABSOLUTE ENTRIES
  PROGRAM MODULE, NAME : ?ABS_ENTRY_MOD

Absolute parts
           ENTRY                   ADDRESS         REF BY
           =====                   =======         ======
           _DATA20_HEAP_SIZE       0050 
           _DATA16_HEAP_SIZE       0050 
           _STACK_SIZE             0100 
           ?CPU30_OFFSET           0002 
    *************************************************************************

  FILE NAME : C:\Users\ArthurH.C\Desktop\TI eZ430-Chronos1.1.1\Sources\IAR\Updated Watch\915MHz - Unrestricted IAR Workbench (USA)\Obj\acceleration.r43
  PROGRAM MODULE, NAME : acceleration

  SEGMENTS IN THE MODULE
  ======================
DATA16_Z
  Relative segment, address: 1C7C - 1C85 (0xa bytes), align: 1
  Segment part 3.             Intra module refs:   display_acceleration
                                                   do_acceleration_measurement
                                                   is_acceleration_measurement
                                                   reset_acceleration
                                                   sx_acceleration
           ENTRY                   ADDRESS         REF BY
           =====                   =======         ======
           sAccel                  1C7C            TIMER0_A0_ISR (timer)
                                                   cdtimer_tick (countdowntimer)
                                                   simpliciti_get_ed_data_callback (rfsimpliciti)
    -------------------------------------------------------------------------
DATA16_C
  Relative segment, address: 8166 - 8169 (0x4 bytes), align: 0
  Segment part 2.             Intra module refs:   display_acceleration
    -------------------------------------------------------------------------
DATA16_C
  Relative segment, address: 8000 - 800D (0xe bytes), align: 1
  Segment part 4.             Intra module refs:   convert_acceleration_value_to_mgrav
           ENTRY                   ADDRESS         REF BY
           =====                   =======         ======
           mgrav_per_bit           8000 
    -------------------------------------------------------------------------
<CODE> 1 (was CODE)
  Relative segment, address: EC2A - EC37 (0xe bytes), align: 1
  Segment part 11.
           ENTRY                   ADDRESS         REF BY
           =====                   =======         ======
           reset_acceleration      EC2A            init_global_variables (main)
               CSTACK = 00000000 ( 00000004 )
    -------------------------------------------------------------------------
<CODE> 1 (was CODE)
  Relative segment, address: E332 - E34F (0x1e bytes), align: 1
  Segment part 10.
           ENTRY                   ADDRESS         REF BY
           =====                   =======         ======
           sx_acceleration         E332            menu_L1_Acceleration (menu)
               calls direct
               CSTACK = 00000000 ( 00000004 )
    -------------------------------------------------------------------------
<CODE> 1 (was CODE)
  Relative segment, address: D534 - D56F (0x3c bytes), align: 1
  Segment part 6.             Intra module refs:   display_acceleration
           ENTRY                   ADDRESS         REF BY
           =====                   =======         ======
           convert_acceleration_value_to_mgrav
                                   D534 
               CSTACK = 00000000 ( 00000010 )
    -------------------------------------------------------------------------
<CODE> 1 (was CODE)
  Relative segment, address: E5EC - E603 (0x18 bytes), align: 1
  Segment part 7.             Intra module refs:   display_acceleration
           ENTRY                   ADDRESS         REF BY
           =====                   =======         ======
           is_acceleration_measurement
                                   E5EC            TIMER0_A0_ISR (timer)
                                                   start_simpliciti_tx_only (rfsimpliciti)
               CSTACK = 00000000 ( 00000004 )
    -------------------------------------------------------------------------
<CODE> 1 (was CODE)
  Relative segment, address: EA02 - EA11 (0x10 bytes), align: 1
  Segment part 9.
           ENTRY                   ADDRESS         REF BY
           =====                   =======         ======
           do_acceleration_measurement
                                   EA02            process_requests (main)
               calls direct
               CSTACK = 00000000 ( 00000004 )
    -------------------------------------------------------------------------
<CODE> 1 (was CODE)
  Relative segment, address: A3BC - A4E9 (0x12e bytes), align: 1
  Segment part 8.
           ENTRY                   ADDRESS         REF BY
           =====                   =======         ======
           display_acceleration    A3BC            menu_L1_Acceleration (menu)
               calls direct
               CSTACK = 00000000 ( 00000010 )

    *************************************************************************

  FILE NAME : C:\Users\ArthurH.C\Desktop\TI eZ430-Chronos1.1.1\Sources\IAR\Updated Watch\915MHz - Unrestricted IAR Workbench (USA)\Obj\adc12.r43
  PROGRAM MODULE, NAME : adc12

  SEGMENTS IN THE MODULE
  ======================
DATA16_AN
  Relative segment, address: 0700 - 0701 (0x2 bytes), align: 0
  Segment part 1. ROOT.       Intra module refs:   adc12_single_conversion
           ENTRY                   ADDRESS         REF BY
           =====                   =======         ======
           _A_ADC12CTL0_L          0700 
           LOCAL                   ADDRESS         
           =====                   =======         
           ADC12CTL0               0700 
           ADC12CTL0_H             0701 
           ADC12CTL0_L             0700 
    -------------------------------------------------------------------------
DATA16_AN
  Relative segment, address: 0702 - 0703 (0x2 bytes), align: 0
  Segment part 2. ROOT.       Intra module refs:   adc12_single_conversion
           ENTRY                   ADDRESS         REF BY
           =====                   =======         ======
           _A_ADC12CTL1_L          0702 
           LOCAL                   ADDRESS         
           =====                   =======         
           ADC12CTL1               0702 
           ADC12CTL1_H             0703 
           ADC12CTL1_L             0702 
    -------------------------------------------------------------------------
DATA16_AN
  Relative segment, address: 070C - 070D (0x2 bytes), align: 0
  Segment part 3. ROOT.       Intra module refs:   adc12_single_conversion
           ENTRY                   ADDRESS         REF BY
           =====                   =======         ======
           _A_ADC12IE_L            070C 
           LOCAL                   ADDRESS         
           =====                   =======         
           ADC12IE                 070C 
           ADC12IE_H               070D 
           ADC12IE_L               070C 
    -------------------------------------------------------------------------
DATA16_AN
  Relative segment, address: 070E - 070F (0x2 bytes), align: 0
  Segment part 4. ROOT.       Intra module refs:   ADC12ISR
           ENTRY                   ADDRESS         REF BY
           =====                   =======         ======
           _A_ADC12IV_L            070E 
           LOCAL                   ADDRESS         
           =====                   =======         
           ADC12IV                 070E 
           ADC12IV_H               070F 
           ADC12IV_L               070E 
    -------------------------------------------------------------------------
DATA16_AN
  Relative segment, address: 0720 - 0721 (0x2 bytes), align: 0
  Segment part 5. ROOT.       Intra module refs:   ADC12ISR
           ENTRY                   ADDRESS         REF BY
           =====                   =======         ======
           _A_ADC12MEM0_L          0720 
           LOCAL                   ADDRESS         
           =====                   =======         
           ADC12MEM0               0720 
           ADC12MEM0_H             0721 
           ADC12MEM0_L             0720 
    -------------------------------------------------------------------------
DATA16_AN
  Relative segment, address: 0710 - 0710 (0x1 bytes), align: 0
  Segment part 6. ROOT.       Intra module refs:   adc12_single_conversion
           ENTRY                   ADDRESS         REF BY
           =====                   =======         ======
           ADC12MCTL0              0710 
    -------------------------------------------------------------------------
DATA16_AN
  Relative segment, address: 01B0 - 01B1 (0x2 bytes), align: 0
  Segment part 7. ROOT.       Intra module refs:   adc12_single_conversion
           ENTRY                   ADDRESS         REF BY
           =====                   =======         ======
           _A_REFCTL0_L            01B0 
           LOCAL                   ADDRESS         
           =====                   =======         
           REFCTL0                 01B0 
           REFCTL0_H               01B1 
           REFCTL0_L               01B0 
    -------------------------------------------------------------------------
DATA16_Z
  Relative segment, address: 1C86 - 1C87 (0x2 bytes), align: 1
  Segment part 10.            Intra module refs:   ADC12ISR
                                                   adc12_single_conversion
           ENTRY                   ADDRESS         REF BY
           =====                   =======         ======
           adc12_result            1C86 
    -------------------------------------------------------------------------
DATA16_Z
  Relative segment, address: 1E08 - 1E08 (0x1 bytes), align: 0
  Segment part 11.            Intra module refs:   ADC12ISR
                                                   adc12_single_conversion
           ENTRY                   ADDRESS         REF BY
           =====                   =======         ======
           adc12_data_ready        1E08 
    -------------------------------------------------------------------------
<CODE> 1 (was CODE)
  Relative segment, address: C904 - C96B (0x68 bytes), align: 1
  Segment part 13.
           ENTRY                   ADDRESS         REF BY
           =====                   =======         ======
           adc12_single_conversion
                                   C904            battery_measurement (battery)
                                                   temperature_measurement (temperature)
               calls direct
               CSTACK = 00000000 ( 00000008 )
    -------------------------------------------------------------------------
ISR_CODE
  Relative segment, address: 85DA - 85F9 (0x20 bytes), align: 1
  Segment part 12.            Intra module refs:   ADC12ISR::??INTVEC 112
           ENTRY                   ADDRESS         REF BY
           =====                   =======         ======
           ADC12ISR                85DA 
               interrupt function
               CSTACK = 00000000 ( 00000006 )
    -------------------------------------------------------------------------
INTVEC
  Common segment, address: FF80 - FFF1 (0x72 bytes), align: 1
  Segment part 8. ROOT.
           ENTRY                   ADDRESS         REF BY
           =====                   =======         ======
           ADC12ISR::??INTVEC 112
                                   FFF0 

    *************************************************************************

  FILE NAME : C:\Users\ArthurH.C\Desktop\TI eZ430-Chronos1.1.1\Sources\IAR\Updated Watch\915MHz - Unrestricted IAR Workbench (USA)\Obj\alarm.r43
  PROGRAM MODULE, NAME : alarm

  SEGMENTS IN THE MODULE
  ======================
DATA16_Z
  Relative segment, address: 1E09 - 1E0C (0x4 bytes), align: 0
  Segment part 2.             Intra module refs:   check_alarm
                                                   display_alarm
                                                   mx_alarm
                                                   reset_alarm
                                                   stop_alarm
                                                   sx_alarm
           ENTRY                   ADDRESS         REF BY
           =====                   =======         ======
           sAlarm                  1E09            PORT2_ISR (ports)
                                                   TIMER0_A0_ISR (timer)
                                                   simpliciti_sync_decode_ap_cmd_callback (rfsimpliciti)
                                                   simpliciti_sync_get_data_callback (rfsimpliciti)
    -------------------------------------------------------------------------
<CODE> 1 (was CODE)
  Relative segment, address: E61C - E633 (0x18 bytes), align: 1
  Segment part 10.
           ENTRY                   ADDRESS         REF BY
           =====                   =======         ======
           reset_alarm             E61C            init_global_variables (main)
               CSTACK = 00000000 ( 00000004 )
    -------------------------------------------------------------------------
<CODE> 1 (was CODE)
  Relative segment, address: E48C - E4A7 (0x1c bytes), align: 1
  Segment part 9.
           ENTRY                   ADDRESS         REF BY
           =====                   =======         ======
           check_alarm             E48C            TIMER0_A0_ISR (timer)
               CSTACK = 00000000 ( 00000004 )
    -------------------------------------------------------------------------
<CODE> 1 (was CODE)
  Relative segment, address: EEA2 - EEA9 (0x8 bytes), align: 1
  Segment part 8.
           ENTRY                   ADDRESS         REF BY
           =====                   =======         ======
           stop_alarm              EEA2            PORT2_ISR (ports)
                                                   TIMER0_A0_ISR (timer)
               calls direct
               CSTACK = 00000000 ( 00000004 )
    -------------------------------------------------------------------------
<CODE> 1 (was CODE)
  Relative segment, address: DA5E - DA8F (0x32 bytes), align: 1
  Segment part 7.
           ENTRY                   ADDRESS         REF BY
           =====                   =======         ======
           sx_alarm                DA5E            menu_L1_Alarm (menu)
               CSTACK = 00000000 ( 00000004 )
    -------------------------------------------------------------------------
<CODE> 1 (was CODE)
  Relative segment, address: AD64 - AE53 (0xf0 bytes), align: 1
  Segment part 6.
           ENTRY                   ADDRESS         REF BY
           =====                   =======         ======
           mx_alarm                AD64            menu_L1_Alarm (menu)
               calls direct
               CSTACK = 00000000 ( 0000001A )
    -------------------------------------------------------------------------
<CODE> 1 (was CODE)
  Relative segment, address: C11C - C1AD (0x92 bytes), align: 1
  Segment part 3.
           ENTRY                   ADDRESS         REF BY
           =====                   =======         ======
           display_alarm           C11C            menu_L1_Alarm (menu)
               calls direct
               CSTACK = 00000000 ( 00000008 )
    -------------------------------------------------------------------------
<CODE> 1 (was CODE)
  Relative segment, address: E2F6 - E305 (0x10 bytes), align: 1
  Segment part 4.             Intra module refs:   display_alarm
           LOCAL                   ADDRESS         
           =====                   =======         
           ?Subroutine0            E2F6 
    -------------------------------------------------------------------------
<CODE> 1 (was CODE)
  Relative segment, address: E306 - E313 (0xe bytes), align: 1
  Segment part 5.             Intra module refs:   ?Subroutine0
                                                   display_alarm
           LOCAL                   ADDRESS         
           =====                   =======         
           ?Subroutine1            E306 

    *************************************************************************

  FILE NAME : C:\Users\ArthurH.C\Desktop\TI eZ430-Chronos1.1.1\Sources\IAR\Updated Watch\915MHz - Unrestricted IAR Workbench (USA)\Obj\altitude.r43
  PROGRAM MODULE, NAME : altitude

  SEGMENTS IN THE MODULE
  ======================
DATA16_AN
  Relative segment, address: 0200 - 0201 (0x2 bytes), align: 0
  Segment part 1. ROOT.       Intra module refs:   PORT2_ISR (ports)
                                                   TIMER0_A0_ISR (timer)
                                                   button_repeat_function (ports)
                                                   do_altitude_measurement
                                                   simpliciti_get_ed_data_callback (rfsimpliciti)
                                                   start_altitude_measurement
                                                   wakeup_event (main)
           ENTRY                   ADDRESS         REF BY
           =====                   =======         ======
           _A_PAIN_L               0200 
           LOCAL                   ADDRESS         
           =====                   =======         
           PAIN                    0200 
           PAIN_H                  0201 
           PAIN_L                  0200 
    -------------------------------------------------------------------------
DATA16_AN
  Relative segment, address: 021A - 021B (0x2 bytes), align: 0
  Segment part 2. ROOT.       Intra module refs:   PORT2_ISR (ports)
                                                   as_start (vti_as)
                                                   as_stop (vti_as)
                                                   init_buttons (ports)
                                                   start_altitude_measurement
                                                   stop_altitude_measurement
           ENTRY                   ADDRESS         REF BY
           =====                   =======         ======
           _A_PAIE_L               021A 
           LOCAL                   ADDRESS         
           =====                   =======         
           PAIE                    021A 
           PAIE_H                  021B 
           PAIE_L                  021A 
    -------------------------------------------------------------------------
DATA16_AN
  Relative segment, address: 021C - 021D (0x2 bytes), align: 0
  Segment part 3. ROOT.       Intra module refs:   PORT2_ISR (ports)
                                                   as_start (vti_as)
                                                   init_buttons (ports)
                                                   start_altitude_measurement
                                                   start_simpliciti_sync (rfsimpliciti)
                                                   start_simpliciti_tx_only (rfsimpliciti)
                                                   stop_altitude_measurement
           ENTRY                   ADDRESS         REF BY
           =====                   =======         ======
           _A_PAIFG_L              021C 
           LOCAL                   ADDRESS         
           =====                   =======         
           PAIFG                   021C 
           PAIFG_H                 021D 
           PAIFG_L                 021C 
    -------------------------------------------------------------------------
DATA16_Z
  Relative segment, address: 1C88 - 1C95 (0xe bytes), align: 1
  Segment part 7.             Intra module refs:   ?Subroutine4
                                                   ?Subroutine5
                                                   display_altitude
                                                   do_altitude_measurement
                                                   is_altitude_measurement
                                                   mx_altitude
                                                   reset_altitude_measurement
                                                   start_altitude_measurement
                                                   stop_altitude_measurement
           ENTRY                   ADDRESS         REF BY
           =====                   =======         ======
           sAlt                    1C88            TIMER0_A0_ISR (timer)
                                                   read_calibration_values (main)
                                                   reset_random (random)
                                                   simpliciti_sync_decode_ap_cmd_callback (rfsimpliciti)
                                                   simpliciti_sync_get_data_callback (rfsimpliciti)
    -------------------------------------------------------------------------
DATA16_Z
  Relative segment, address: 1E0D - 1E0D (0x1 bytes), align: 0
  Segment part 8.             Intra module refs:   display_altitude
                                                   reset_altitude_measurement
                                                   sx_altitude
           ENTRY                   ADDRESS         REF BY
           =====                   =======         ======
           PressDisplay            1E0D 
    -------------------------------------------------------------------------
DATA16_Z
  Relative segment, address: 1C96 - 1C97 (0x2 bytes), align: 1
  Segment part 9.             Intra module refs:   display_altitude
                                                   do_altitude_measurement
                                                   mx_altitude
           ENTRY                   ADDRESS         REF BY
           =====                   =======         ======
           AmbientPressure         1C96            simpliciti_sync_decode_ap_cmd_callback (rfsimpliciti)
                                                   simpliciti_sync_get_data_callback (rfsimpliciti)
    -------------------------------------------------------------------------
DATA16_Z
  Relative segment, address: 1C98 - 1C99 (0x2 bytes), align: 1
  Segment part 10.            Intra module refs:   do_altitude_measurement
                                                   mx_altitude
                                                   reset_altitude_measurement
           ENTRY                   ADDRESS         REF BY
           =====                   =======         ======
           AmbientPressureOffset   1C98            simpliciti_sync_decode_ap_cmd_callback (rfsimpliciti)
    -------------------------------------------------------------------------
<CODE> 1 (was CODE)
  Relative segment, address: D342 - D381 (0x40 bytes), align: 1
  Segment part 29.
           ENTRY                   ADDRESS         REF BY
           =====                   =======         ======
           reset_altitude_measurement
                                   D342            init_global_variables (main)
               calls direct
               CSTACK = 00000000 ( 00000004 )
    -------------------------------------------------------------------------
<CODE> 1 (was CODE)
  Relative segment, address: EBD6 - EBE3 (0xe bytes), align: 1
  Segment part 30.            Intra module refs:   mx_altitude
                                                   reset_altitude_measurement
           LOCAL                   ADDRESS         
           =====                   =======         
           ?Subroutine5            EBD6 
    -------------------------------------------------------------------------
<CODE> 1 (was CODE)
  Relative segment, address: 8FBC - 8FCD (0x12 bytes), align: 1
  Segment part 12.            Intra module refs:   ?Subroutine4
           ENTRY                   ADDRESS         REF BY
           =====                   =======         ======
           convert_m_to_ft         8FBC 
               CSTACK = 00000000 ( 00000004 )
    -------------------------------------------------------------------------
<CODE> 1 (was CODE)
  Relative segment, address: 8FCE - 8FD3 (0x6 bytes), align: 1
  Segment part 13.            Intra module refs:   convert_ft_to_m
                                                   convert_m_to_ft
           LOCAL                   ADDRESS         
           =====                   =======         
           ?Subroutine0            8FCE 
    -------------------------------------------------------------------------
<CODE> 1 (was CODE)
  Relative segment, address: 8FD4 - 9087 (0xb4 bytes), align: 1
  Segment part 14.            Intra module refs:   start_altitude_measurement
           ENTRY                   ADDRESS         REF BY
           =====                   =======         ======
           do_altitude_measurement
                                   8FD4            process_requests (main)
               calls direct
               CSTACK = 00000000 ( 00000010 )
    -------------------------------------------------------------------------
<CODE> 1 (was CODE)
  Relative segment, address: 9088 - 90C7 (0x40 bytes), align: 1
  Segment part 15.            Intra module refs:   display_altitude
                                                   reset_altitude_measurement
           ENTRY                   ADDRESS         REF BY
           =====                   =======         ======
           start_altitude_measurement
                                   9088            start_simpliciti_sync (rfsimpliciti)
               calls direct
               CSTACK = 00000000 ( 00000004 )
    -------------------------------------------------------------------------
<CODE> 1 (was CODE)
  Relative segment, address: 90C8 - 9175 (0xae bytes), align: 1
  Segment part 16.
           ENTRY                   ADDRESS         REF BY
           =====                   =======         ======
           display_altitude        90C8            menu_L1_Altitude (menu)
               calls direct
               CSTACK = 00000000 ( 00000008 )
    -------------------------------------------------------------------------
<CODE> 1 (was CODE)
  Relative segment, address: 9176 - 9191 (0x1c bytes), align: 1
  Segment part 17.            Intra module refs:   display_altitude
           LOCAL                   ADDRESS         
           =====                   =======         
           ?Subroutine3            9176 
    -------------------------------------------------------------------------
<CODE> 1 (was CODE)
  Relative segment, address: 9192 - 9193 (0x2 bytes), align: 1
  Segment part 18.            Intra module refs:   ?Subroutine3
                                                   display_altitude
           LOCAL                   ADDRESS         
           =====                   =======         
           ?Subroutine8            9192 
    -------------------------------------------------------------------------
<CODE> 1 (was CODE)
  Relative segment, address: 9194 - 9199 (0x6 bytes), align: 1
  Segment part 19.            Intra module refs:   ?Subroutine8
                                                   display_altitude
    -------------------------------------------------------------------------
<CODE> 1 (was CODE)
  Relative segment, address: 919A - 91A1 (0x8 bytes), align: 1
  Segment part 20.            Intra module refs:   ?Subroutine3
                                                   display_altitude
                                                   mx_altitude
           LOCAL                   ADDRESS         
           =====                   =======         
           ?Subroutine7            919A 
    -------------------------------------------------------------------------
<CODE> 1 (was CODE)
  Relative segment, address: 91A2 - 91AD (0xc bytes), align: 1
  Segment part 21.            Intra module refs:   display_altitude
           LOCAL                   ADDRESS         
           =====                   =======         
           ?Subroutine1            91A2 
    -------------------------------------------------------------------------
<CODE> 1 (was CODE)
  Relative segment, address: 91AE - 91C3 (0x16 bytes), align: 1
  Segment part 22.            Intra module refs:   mx_altitude
           ENTRY                   ADDRESS         REF BY
           =====                   =======         ======
           convert_ft_to_m         91AE 
               CSTACK = 00000000 ( 00000004 )
    -------------------------------------------------------------------------
<CODE> 1 (was CODE)
  Relative segment, address: EE6C - EE75 (0xa bytes), align: 1
  Segment part 23.            Intra module refs:   ?Subroutine1
                                                   ?Subroutine2
                                                   convert_ft_to_m
                                                   convert_m_to_ft
           LOCAL                   ADDRESS         
           =====                   =======         
           ?Subroutine6            EE6C 
    -------------------------------------------------------------------------
<CODE> 1 (was CODE)
  Relative segment, address: E634 - E64B (0x18 bytes), align: 1
  Segment part 28.
           ENTRY                   ADDRESS         REF BY
           =====                   =======         ======
           is_altitude_measurement
                                   E634            TIMER0_A0_ISR (timer)
               CSTACK = 00000000 ( 00000004 )
    -------------------------------------------------------------------------
<CODE> 1 (was CODE)
  Relative segment, address: E454 - E46F (0x1c bytes), align: 1
  Segment part 11.            Intra module refs:   display_altitude
                                                   reset_altitude_measurement
           ENTRY                   ADDRESS         REF BY
           =====                   =======         ======
           stop_altitude_measurement
                                   E454            TIMER0_A0_ISR (timer)
                                                   start_simpliciti_sync (rfsimpliciti)
               calls direct
               CSTACK = 00000000 ( 00000004 )
    -------------------------------------------------------------------------
<CODE> 1 (was CODE)
  Relative segment, address: E8DC - E8ED (0x12 bytes), align: 1
  Segment part 27.
           ENTRY                   ADDRESS         REF BY
           =====                   =======         ======
           sx_altitude             E8DC            menu_L1_Altitude (menu)
               CSTACK = 00000000 ( 00000004 )
    -------------------------------------------------------------------------
<CODE> 1 (was CODE)
  Relative segment, address: A4EA - A60F (0x126 bytes), align: 1
  Segment part 24.
           ENTRY                   ADDRESS         REF BY
           =====                   =======         ======
           mx_altitude             A4EA            menu_L1_Altitude (menu)
               calls direct
               CSTACK = 00000000 ( 00000026 )
    -------------------------------------------------------------------------
<CODE> 1 (was CODE)
  Relative segment, address: EA72 - EA81 (0x10 bytes), align: 1
  Segment part 25.            Intra module refs:   display_altitude
                                                   mx_altitude
           LOCAL                   ADDRESS         
           =====                   =======         
           ?Subroutine4            EA72 
    -------------------------------------------------------------------------
<CODE> 1 (was CODE)
  Relative segment, address: EC46 - EC53 (0xe bytes), align: 1
  Segment part 26.            Intra module refs:   mx_altitude
           LOCAL                   ADDRESS         
           =====                   =======         
           ?Subroutine2            EC46 
    -------------------------------------------------------------------------
DATA16_C
  Relative segment, address: 816A - 816D (0x4 bytes), align: 0
  Segment part 5.             Intra module refs:   start_altitude_measurement
    -------------------------------------------------------------------------
DATA16_C
  Relative segment, address: 816E - 8174 (0x7 bytes), align: 0
  Segment part 6.             Intra module refs:   mx_altitude

    *************************************************************************

  FILE NAME : C:\Users\ArthurH.C\Desktop\TI eZ430-Chronos1.1.1\Sources\IAR\Updated Watch\915MHz - Unrestricted IAR Workbench (USA)\Obj\battery.r43
  PROGRAM MODULE, NAME : battery

  SEGMENTS IN THE MODULE
  ======================
DATA16_Z
  Relative segment, address: 1C9A - 1C9F (0x6 bytes), align: 1
  Segment part 2.             Intra module refs:   ?Subroutine0
                                                   battery_measurement
                                                   display_battery_V
                                                   reset_batt_measurement
           ENTRY                   ADDRESS         REF BY
           =====                   =======         ======
           sBatt                   1C9A            TIMER0_A0_ISR (timer)
                                                   read_calibration_values (main)
    -------------------------------------------------------------------------
<CODE> 1 (was CODE)
  Relative segment, address: E8EE - E8FF (0x12 bytes), align: 1
  Segment part 6.
           ENTRY                   ADDRESS         REF BY
           =====                   =======         ======
           reset_batt_measurement
                                   E8EE            init_global_variables (main)
               CSTACK = 00000000 ( 00000004 )
    -------------------------------------------------------------------------
<CODE> 1 (was CODE)
  Relative segment, address: C9D4 - CA39 (0x66 bytes), align: 1
  Segment part 5.
           ENTRY                   ADDRESS         REF BY
           =====                   =======         ======
           battery_measurement     C9D4            init_global_variables (main)
                                                   process_requests (main)
               calls direct
               CSTACK = 00000000 ( 00000004 )
    -------------------------------------------------------------------------
<CODE> 1 (was CODE)
  Relative segment, address: D382 - D3C1 (0x40 bytes), align: 1
  Segment part 3.
           ENTRY                   ADDRESS         REF BY
           =====                   =======         ======
           display_battery_V       D382            menu_L2_Battery (menu)
               calls direct
               CSTACK = 00000000 ( 00000004 )
    -------------------------------------------------------------------------
<CODE> 1 (was CODE)
  Relative segment, address: E518 - E533 (0x1c bytes), align: 1
  Segment part 4.             Intra module refs:   display_battery_V
           LOCAL                   ADDRESS         
           =====                   =======         
           ?Subroutine0            E518 

    *************************************************************************

  FILE NAME : C:\Users\ArthurH.C\Desktop\TI eZ430-Chronos1.1.1\Sources\IAR\Updated Watch\915MHz - Unrestricted IAR Workbench (USA)\Obj\bsp.r43
  PROGRAM MODULE, NAME : bsp

  SEGMENTS IN THE MODULE
  ======================
DATA16_AN
  Relative segment, address: 0202 - 0203 (0x2 bytes), align: 0
  Segment part 1. ROOT.       Intra module refs:   PORT2_ISR (ports)
                                                   TIMER0_A0_ISR (timer)
                                                   as_init (vti_as)
                                                   as_stop (vti_as)
                                                   init_application (main)
                                                   init_buttons (ports)
                                                   stop_buzzer (buzzer)
                                                   toggle_buzzer (buzzer)
           ENTRY                   ADDRESS         REF BY
           =====                   =======         ======
           _A_PAOUT_L              0202 
           LOCAL                   ADDRESS         
           =====                   =======         
           PAOUT                   0202 
           PAOUT_H                 0203 
           PAOUT_L                 0202 
    -------------------------------------------------------------------------
DATA16_AN
  Relative segment, address: 0204 - 0205 (0x2 bytes), align: 0
  Segment part 2. ROOT.       Intra module refs:   PORT2_ISR (ports)
                                                   TIMER0_A0_ISR (timer)
                                                   as_init (vti_as)
                                                   as_start (vti_as)
                                                   as_stop (vti_as)
                                                   init_application (main)
                                                   init_buttons (ports)
                                                   ps_init (vti_ps)
           ENTRY                   ADDRESS         REF BY
           =====                   =======         ======
           _A_PADIR_L              0204 
           LOCAL                   ADDRESS         
           =====                   =======         
           PADIR                   0204 
           PADIR_H                 0205 
           PADIR_L                 0204 
    -------------------------------------------------------------------------
DATA16_AN
  Relative segment, address: 0206 - 0207 (0x2 bytes), align: 0
  Segment part 3. ROOT.       Intra module refs:   as_read_register (vti_as)
                                                   as_start (vti_as)
                                                   as_write_register (vti_as)
                                                   init_buttons (ports)
           ENTRY                   ADDRESS         REF BY
           =====                   =======         ======
           _A_PAREN_L              0206 
           LOCAL                   ADDRESS         
           =====                   =======         
           PAREN                   0206 
           PAREN_H                 0207 
           PAREN_L                 0206 
    -------------------------------------------------------------------------
DATA16_AN
  Relative segment, address: 0222 - 0223 (0x2 bytes), align: 0
  Segment part 4. ROOT.
           ENTRY                   ADDRESS         REF BY
           =====                   =======         ======
           _A_PBOUT_L              0222 
           LOCAL                   ADDRESS         
           =====                   =======         
           PBOUT                   0222 
           PBOUT_H                 0223 
           PBOUT_L                 0222 
    -------------------------------------------------------------------------
DATA16_AN
  Relative segment, address: 0224 - 0225 (0x2 bytes), align: 0
  Segment part 5. ROOT.
           ENTRY                   ADDRESS         REF BY
           =====                   =======         ======
           _A_PBDIR_L              0224 
           LOCAL                   ADDRESS         
           =====                   =======         
           PBDIR                   0224 
           PBDIR_H                 0225 
           PBDIR_L                 0224 
    -------------------------------------------------------------------------
DATA16_AN
  Relative segment, address: 0120 - 0121 (0x2 bytes), align: 0
  Segment part 6. ROOT.       Intra module refs:   SetVCore
                                                   SetVCore (pmm)
                                                   SetVCoreDown (pmm)
                                                   SetVCoreUp
                                                   SetVCoreUp (pmm)
                                                   init_application (main)
           ENTRY                   ADDRESS         REF BY
           =====                   =======         ======
           _A_PMMCTL0_L            0120 
           LOCAL                   ADDRESS         
           =====                   =======         
           PMMCTL0                 0120 
           PMMCTL0_H               0121 
           PMMCTL0_L               0120 
    -------------------------------------------------------------------------
DATA16_AN
  Relative segment, address: 0124 - 0125 (0x2 bytes), align: 0
  Segment part 7. ROOT.       Intra module refs:   SetVCoreUp
                                                   SetVCoreUp (pmm)
           ENTRY                   ADDRESS         REF BY
           =====                   =======         ======
           _A_SVSMHCTL_L           0124 
           LOCAL                   ADDRESS         
           =====                   =======         
           SVSMHCTL                0124 
           SVSMHCTL_H              0125 
           SVSMHCTL_L              0124 
    -------------------------------------------------------------------------
DATA16_AN
  Relative segment, address: 0126 - 0127 (0x2 bytes), align: 0
  Segment part 8. ROOT.       Intra module refs:   SetVCore
                                                   SetVCoreDown (pmm)
                                                   SetVCoreUp
                                                   SetVCoreUp (pmm)
           ENTRY                   ADDRESS         REF BY
           =====                   =======         ======
           _A_SVSMLCTL_L           0126 
           LOCAL                   ADDRESS         
           =====                   =======         
           SVSMLCTL                0126 
           SVSMLCTL_H              0127 
           SVSMLCTL_L              0126 
    -------------------------------------------------------------------------
DATA16_AN
  Relative segment, address: 012C - 012D (0x2 bytes), align: 0
  Segment part 9. ROOT.       Intra module refs:   SetVCore
                                                   SetVCoreDown (pmm)
                                                   SetVCoreUp
                                                   SetVCoreUp (pmm)
           ENTRY                   ADDRESS         REF BY
           =====                   =======         ======
           _A_PMMIFG_L             012C 
           LOCAL                   ADDRESS         
           =====                   =======         
           PMMIFG                  012C 
           PMMIFG_H                012D 
           PMMIFG_L                012C 
    -------------------------------------------------------------------------
DATA16_AN
  Relative segment, address: 0102 - 0103 (0x2 bytes), align: 0
  Segment part 10. ROOT.      Intra module refs:   Bsp_SetClocks
                                                   init_application (main)
           ENTRY                   ADDRESS         REF BY
           =====                   =======         ======
           _A_SFRIFG1_L            0102 
           LOCAL                   ADDRESS         
           =====                   =======         
           SFRIFG1                 0102 
           SFRIFG1_H               0103 
           SFRIFG1_L               0102 
    -------------------------------------------------------------------------
DATA16_AN
  Relative segment, address: 0380 - 0381 (0x2 bytes), align: 0
  Segment part 11. ROOT.      Intra module refs:   BSP_Delay
                                                   BSP_InitBoard
                                                   start_buzzer (buzzer)
                                                   stop_buzzer (buzzer)
                                                   toggle_buzzer (buzzer)
           ENTRY                   ADDRESS         REF BY
           =====                   =======         ======
           TA1CTL                  0380 
    -------------------------------------------------------------------------
DATA16_AN
  Relative segment, address: 0382 - 0383 (0x2 bytes), align: 0
  Segment part 12. ROOT.      Intra module refs:   BSP_Delay
                                                   start_buzzer (buzzer)
                                                   stop_buzzer (buzzer)
           ENTRY                   ADDRESS         REF BY
           =====                   =======         ======
           TA1CCTL0                0382 
    -------------------------------------------------------------------------
DATA16_AN
  Relative segment, address: 0390 - 0391 (0x2 bytes), align: 0
  Segment part 13. ROOT.      Intra module refs:   BSP_Delay
                                                   toggle_buzzer (buzzer)
           ENTRY                   ADDRESS         REF BY
           =====                   =======         ======
           TA1R                    0390 
    -------------------------------------------------------------------------
DATA16_AN
  Relative segment, address: 0392 - 0393 (0x2 bytes), align: 0
  Segment part 14. ROOT.      Intra module refs:   BSP_Delay
                                                   start_buzzer (buzzer)
           ENTRY                   ADDRESS         REF BY
           =====                   =======         ======
           TA1CCR0                 0392 
    -------------------------------------------------------------------------
DATA16_AN
  Relative segment, address: 0160 - 0161 (0x2 bytes), align: 0
  Segment part 15. ROOT.      Intra module refs:   Bsp_SetClocks
                                                   init_application (main)
           ENTRY                   ADDRESS         REF BY
           =====                   =======         ======
           _A_UCSCTL0_L            0160 
           LOCAL                   ADDRESS         
           =====                   =======         
           UCSCTL0                 0160 
           UCSCTL0_H               0161 
           UCSCTL0_L               0160 
    -------------------------------------------------------------------------
DATA16_AN
  Relative segment, address: 0162 - 0163 (0x2 bytes), align: 0
  Segment part 16. ROOT.      Intra module refs:   Bsp_SetClocks
                                                   init_application (main)
           ENTRY                   ADDRESS         REF BY
           =====                   =======         ======
           _A_UCSCTL1_L            0162 
           LOCAL                   ADDRESS         
           =====                   =======         
           UCSCTL1                 0162 
           UCSCTL1_H               0163 
           UCSCTL1_L               0162 
    -------------------------------------------------------------------------
DATA16_AN
  Relative segment, address: 0164 - 0165 (0x2 bytes), align: 0
  Segment part 17. ROOT.      Intra module refs:   Bsp_SetClocks
                                                   init_application (main)
           ENTRY                   ADDRESS         REF BY
           =====                   =======         ======
           _A_UCSCTL2_L            0164 
           LOCAL                   ADDRESS         
           =====                   =======         
           UCSCTL2                 0164 
           UCSCTL2_H               0165 
           UCSCTL2_L               0164 
    -------------------------------------------------------------------------
DATA16_AN
  Relative segment, address: 0166 - 0167 (0x2 bytes), align: 0
  Segment part 18. ROOT.      Intra module refs:   Bsp_SetClocks
                                                   init_application (main)
           ENTRY                   ADDRESS         REF BY
           =====                   =======         ======
           _A_UCSCTL3_L            0166 
           LOCAL                   ADDRESS         
           =====                   =======         
           UCSCTL3                 0166 
           UCSCTL3_H               0167 
           UCSCTL3_L               0166 
    -------------------------------------------------------------------------
DATA16_AN
  Relative segment, address: 0168 - 0169 (0x2 bytes), align: 0
  Segment part 19. ROOT.      Intra module refs:   Bsp_SetClocks
                                                   init_application (main)
           ENTRY                   ADDRESS         REF BY
           =====                   =======         ======
           _A_UCSCTL4_L            0168 
           LOCAL                   ADDRESS         
           =====                   =======         
           UCSCTL4                 0168 
           UCSCTL4_H               0169 
           UCSCTL4_L               0168 
    -------------------------------------------------------------------------
DATA16_AN
  Relative segment, address: 016E - 016F (0x2 bytes), align: 0
  Segment part 20. ROOT.      Intra module refs:   Bsp_SetClocks
                                                   init_application (main)
           ENTRY                   ADDRESS         REF BY
           =====                   =======         ======
           _A_UCSCTL7_L            016E 
           LOCAL                   ADDRESS         
           =====                   =======         
           UCSCTL7                 016E 
           UCSCTL7_H               016F 
           UCSCTL7_L               016E 
    -------------------------------------------------------------------------
DATA16_AN
  Relative segment, address: 015C - 015D (0x2 bytes), align: 0
  Segment part 21. ROOT.      Intra module refs:   ResetWatch (menu)
                                                   Timer0_A4_Delay (timer)
                                                   __low_level_init
                                                   idle_loop (main)
                                                   init_application (main)
                                                   main (main)
                                                   simpliciti_get_ed_data_callback (rfsimpliciti)
                                                   simpliciti_link (main_ED_BM)
                                                   simpliciti_main_sync (main_ED_BM)
           ENTRY                   ADDRESS         REF BY
           =====                   =======         ======
           _A_WDTCTL_L             015C 
           LOCAL                   ADDRESS         
           =====                   =======         
           WDTCTL                  015C 
           WDTCTL_H                015D 
           WDTCTL_L                015C 
    -------------------------------------------------------------------------
<CODE> 1 (was CODE)
  Relative segment, address: D028 - D073 (0x4c bytes), align: 1
  Segment part 31.            Intra module refs:   __low_level_init
           LOCAL                   ADDRESS         
           =====                   =======         
           SetVCore                D028 
               calls direct
               CSTACK = 00000000 ( 00000006 )
    -------------------------------------------------------------------------
<CODE> 1 (was CODE)
  Relative segment, address: D278 - D2BD (0x46 bytes), align: 1
  Segment part 30.            Intra module refs:   SetVCore
           LOCAL                   ADDRESS         
           =====                   =======         
           SetVCoreUp              D278 
               CSTACK = 00000000 ( 00000004 )
    -------------------------------------------------------------------------
<CODE> 1 (was CODE)
  Relative segment, address: D10C - D155 (0x4a bytes), align: 1
  Segment part 28.            Intra module refs:   __low_level_init
           LOCAL                   ADDRESS         
           =====                   =======         
           Bsp_SetClocks           D10C 
               CSTACK = 00000000 ( 00000004 )
    -------------------------------------------------------------------------
<CODE> 1 (was CODE)
  Relative segment, address: E72A - E73F (0x16 bytes), align: 1
  Segment part 29. ROOT.
           ENTRY                   ADDRESS         REF BY
           =====                   =======         ======
           __low_level_init        E72A            ?cstart_call_low_level_init (?cstart)
               calls direct
               CSTACK = 00000000 ( 00000004 )
    -------------------------------------------------------------------------
<CODE> 1 (was CODE)
  Relative segment, address: E9C2 - E9D1 (0x10 bytes), align: 1
  Segment part 27.
           ENTRY                   ADDRESS         REF BY
           =====                   =======         ======
           BSP_InitBoard           E9C2            simpliciti_link (main_ED_BM)
               CSTACK = 00000000 ( 00000004 )
    -------------------------------------------------------------------------
<CODE> 1 (was CODE)
  Relative segment, address: D9C8 - D9F9 (0x32 bytes), align: 1
  Segment part 26.
           ENTRY                   ADDRESS         REF BY
           =====                   =======         ======
           BSP_Delay               D9C8            ?Subroutine3 (mrfi)
               CSTACK = 00000000 ( 00000004 )

    *************************************************************************

  FILE NAME : C:\Users\ArthurH.C\Desktop\TI eZ430-Chronos1.1.1\Sources\IAR\Updated Watch\915MHz - Unrestricted IAR Workbench (USA)\Obj\buzzer.r43
  PROGRAM MODULE, NAME : buzzer

  SEGMENTS IN THE MODULE
  ======================
DATA16_AN
  Relative segment, address: 020A - 020B (0x2 bytes), align: 0
  Segment part 2. ROOT.       Intra module refs:   as_start (vti_as)
                                                   as_stop (vti_as)
                                                   start_buzzer
                                                   stop_buzzer
                                                   toggle_buzzer
           ENTRY                   ADDRESS         REF BY
           =====                   =======         ======
           _A_PASEL_L              020A 
           LOCAL                   ADDRESS         
           =====                   =======         
           PASEL                   020A 
           PASEL_H                 020B 
           PASEL_L                 020A 
    -------------------------------------------------------------------------
DATA16_Z
  Relative segment, address: 1CA0 - 1CA7 (0x8 bytes), align: 1
  Segment part 8.             Intra module refs:   countdown_buzzer
                                                   reset_buzzer
                                                   start_buzzer
                                                   toggle_buzzer
           ENTRY                   ADDRESS         REF BY
           =====                   =======         ======
           sBuzzer                 1CA0 
    -------------------------------------------------------------------------
<CODE> 1 (was CODE)
  Relative segment, address: EE62 - EE6B (0xa bytes), align: 1
  Segment part 9.             Intra module refs:   stop_buzzer
           ENTRY                   ADDRESS         REF BY
           =====                   =======         ======
           reset_buzzer            EE62            init_global_variables (main)
               CSTACK = 00000000 ( 00000004 )
    -------------------------------------------------------------------------
<CODE> 1 (was CODE)
  Relative segment, address: D156 - D19F (0x4a bytes), align: 1
  Segment part 15.
           ENTRY                   ADDRESS         REF BY
           =====                   =======         ======
           start_buzzer            D156            ?Subroutine5 (countdowntimer)
                                                   PORT2_ISR (ports)
                                                   process_requests (main)
               calls direct
               CSTACK = 00000000 ( 00000004 )
    -------------------------------------------------------------------------
<CODE> 1 (was CODE)
  Relative segment, address: D4F8 - D533 (0x3c bytes), align: 1
  Segment part 13.            Intra module refs:   start_buzzer
           ENTRY                   ADDRESS         REF BY
           =====                   =======         ======
           toggle_buzzer           D4F8 
               calls direct
               CSTACK = 00000000 ( 00000004 )
    -------------------------------------------------------------------------
<CODE> 1 (was CODE)
  Relative segment, address: E7B8 - E7CB (0x14 bytes), align: 1
  Segment part 14.            Intra module refs:   stop_buzzer
                                                   toggle_buzzer
           LOCAL                   ADDRESS         
           =====                   =======         
           ?Subroutine0            E7B8 
    -------------------------------------------------------------------------
<CODE> 1 (was CODE)
  Relative segment, address: E8B8 - E8C9 (0x12 bytes), align: 1
  Segment part 10.            Intra module refs:   countdown_buzzer
           ENTRY                   ADDRESS         REF BY
           =====                   =======         ======
           stop_buzzer             E8B8            set_value (user)
                                                   stop_alarm (alarm)
               calls direct
               CSTACK = 00000000 ( 00000004 )
    -------------------------------------------------------------------------
<CODE> 1 (was CODE)
  Relative segment, address: EC9E - ECA9 (0xc bytes), align: 1
  Segment part 11.            Intra module refs:   toggle_buzzer
           ENTRY                   ADDRESS         REF BY
           =====                   =======         ======
           countdown_buzzer        EC9E 
               calls direct
               CSTACK = 00000000 ( 00000004 )

    *************************************************************************

  FILE NAME : C:\Users\ArthurH.C\Desktop\TI eZ430-Chronos1.1.1\Sources\IAR\Updated Watch\915MHz - Unrestricted IAR Workbench (USA)\Obj\clock.r43
  PROGRAM MODULE, NAME : clock

  SEGMENTS IN THE MODULE
  ======================
DATA16_Z
  Relative segment, address: 1CA8 - 1CB5 (0xe bytes), align: 1
  Segment part 5.             Intra module refs:   clock_tick
                                                   display_time
                                                   mx_time
                                                   reset_clock
                                                   sx_time
           ENTRY                   ADDRESS         REF BY
           =====                   =======         ======
           sTime                   1CA8            PORT2_ISR (ports)
                                                   TIMER0_A0_ISR (timer)
                                                   button_repeat_function (ports)
                                                   check_alarm (alarm)
                                                   display_date (date)
                                                   simpliciti_sync_decode_ap_cmd_callback (rfsimpliciti)
                                                   simpliciti_sync_get_data_callback (rfsimpliciti)
    -------------------------------------------------------------------------
DATA16_Z
  Relative segment, address: 1E0E - 1E0E (0x1 bytes), align: 0
  Segment part 6.             Intra module refs:   clock_tick
                                                   reset_clock
           ENTRY                   ADDRESS         REF BY
           =====                   =======         ======
           TimeCorrectionFlag      1E0E 
    -------------------------------------------------------------------------
DATA16_Z
  Relative segment, address: 1E0F - 1E0F (0x1 bytes), align: 0
  Segment part 7.             Intra module refs:   clock_tick
                                                   reset_clock
           ENTRY                   ADDRESS         REF BY
           =====                   =======         ======
           DST_CorrectionFlag      1E0F 
    -------------------------------------------------------------------------
DATA16_Z
  Relative segment, address: 1E10 - 1E10 (0x1 bytes), align: 0
  Segment part 8.             Intra module refs:   clock_tick
                                                   mx_time
                                                   reset_clock
           ENTRY                   ADDRESS         REF BY
           =====                   =======         ======
           DST_AutoFlag            1E10            simpliciti_sync_decode_ap_cmd_callback (rfsimpliciti)
                                                   simpliciti_sync_get_data_callback (rfsimpliciti)
    -------------------------------------------------------------------------
DATA16_Z
  Relative segment, address: 1E11 - 1E11 (0x1 bytes), align: 0
  Segment part 9.             Intra module refs:   clock_tick
                                                   mx_time
                                                   reset_clock
           ENTRY                   ADDRESS         REF BY
           =====                   =======         ======
           DailyCorr               1E11            simpliciti_sync_decode_ap_cmd_callback (rfsimpliciti)
                                                   simpliciti_sync_get_data_callback (rfsimpliciti)
    -------------------------------------------------------------------------
DATA16_Z
  Relative segment, address: 1E12 - 1E12 (0x1 bytes), align: 0
  Segment part 10.            Intra module refs:   clock_tick
                                                   mx_time
                                                   reset_clock
           ENTRY                   ADDRESS         REF BY
           =====                   =======         ======
[...]
           ENTRY                   ADDRESS         REF BY
           =====                   =======         ======
           memcmp                  DFFC            Segment part 18 (nwk)
                                                   dispatchFrame (nwk_frame)
                                                   nwk_QfindOldest (nwk_QMgmt)
                                                   nwk_processMgmt (nwk_mgmt)
               CSTACK = 00000000 ( 00000006 )

    -------------------------------------------------------------------------
  LIBRARY MODULE, NAME : ?memcpy

  SEGMENTS IN THE MODULE
  ======================
<CODE> 1 (was CODE)
  Relative segment, address: E83A - E84B (0x12 bytes), align: 1
  Segment part 2.
           ENTRY                   ADDRESS         REF BY
           =====                   =======         ======
           memcpy                  E83A            ?Subroutine0 (nwk_globals)
                                                   ?Subroutine0 (stopwatch)
                                                   ?Subroutine7 (nwk_link)
                                                   SMPL_Ioctl (nwk_api)
                                                   SMPL_SendOpt (nwk_api)
                                                   __data16_memcpy (?memzero)
                                                   display_stopwatch (stopwatch)
                                                   display_update (main)
                                                   init_cdtimer (countdowntimer)
                                                   init_global_variables (main)
                                                   init_stopwatch (stopwatch)
                                                   itoa (display)
                                                   nwk_buildFrame (nwk_frame)
                                                   nwk_deviceAddress (nwk_ioctl)
                                                   nwk_join (nwk_join)
                                                   nwk_link (nwk_link)
                                                   nwk_nwkInit (nwk)
                                                   nwk_radioControl (nwk_ioctl)
                                                   nwk_rawSend (nwk_ioctl)
                                                   nwk_retrieveFrame (nwk_frame)
                                                   nwk_sendAckReply (nwk_frame)
                                                   nwk_setAPAddress (nwk_globals)
                                                   smpl_send_ping_reply (nwk_ping)
               CSTACK = 00000000 ( 00000004 )

    -------------------------------------------------------------------------
  LIBRARY MODULE, NAME : ?memmove

  SEGMENTS IN THE MODULE
  ======================
<CODE> 1 (was CODE)
  Relative segment, address: D960 - D993 (0x34 bytes), align: 1
  Segment part 2.
           ENTRY                   ADDRESS         REF BY
           =====                   =======         ======
           memmove                 D960            nwk_getNumObjectFromMsg (nwk)
                                                   nwk_putNumObjectIntoMsg (nwk)
               CSTACK = 00000000 ( 00000006 )

    -------------------------------------------------------------------------
  LIBRARY MODULE, NAME : ?CopyMemoryBytes

  SEGMENTS IN THE MODULE
  ======================
<CODE> 1 (was CODE)
  Relative segment, address: EA82 - EA91 (0x10 bytes), align: 1
  Segment part 0.
           ENTRY                   ADDRESS         REF BY
           =====                   =======         ======
           ?CopyMemoryBytes        EA82            MRFI_Receive (mrfi)

    -------------------------------------------------------------------------
  LIBRARY MODULE, NAME : ?memset

  SEGMENTS IN THE MODULE
  ======================
<CODE> 1 (was CODE)
  Relative segment, address: E924 - E935 (0x12 bytes), align: 1
  Segment part 2.
           ENTRY                   ADDRESS         REF BY
           =====                   =======         ======
           memset                  E924            MRFI_Init (mrfi)
                                                   Segment part 64 (mrfi)
                                                   nwk_QInit (nwk_QMgmt)
                                                   nwk_allocateLocalRxPort (nwk)
                                                   nwk_globalsInit (nwk_globals)
                                                   nwk_linkInit (nwk_link)
                                                   nwk_nwkInit (nwk)
               CSTACK = 00000000 ( 00000004 )

    -------------------------------------------------------------------------
  LIBRARY MODULE, NAME : ?memzero

  SEGMENTS IN THE MODULE
  ======================
<CODE> 1 (was CODE)
  Relative segment, address: E8A6 - E8B7 (0x12 bytes), align: 1
  Segment part 4.
           ENTRY                   ADDRESS         REF BY
           =====                   =======         ======
           __data16_memzero        E8A6            ?cstart_init_zero (?cstart)
               CSTACK = 00000000 ( 00000004 )
    -------------------------------------------------------------------------
<CODE> 1 (was CODE)
  Relative segment, address: EF50 - EF53 (0x4 bytes), align: 1
  Segment part 3.
           ENTRY                   ADDRESS         REF BY
           =====                   =======         ======
           __data16_memcpy         EF50            ?cstart_init_copy (?cstart)
               calls direct
               CSTACK = 00000000 ( 00000004 )

    -------------------------------------------------------------------------
  LIBRARY MODULE, NAME : ?rand

  SEGMENTS IN THE MODULE
  ======================
DATA16_Z
  Relative segment, address: 1F39 - 1F39 (0x1 bytes), align: 0
  Segment part 2.             Intra module refs:   rand
           ENTRY                   ADDRESS         REF BY
           =====                   =======         ======
           _Randinit               1F39            srand (?srand)
    -------------------------------------------------------------------------
DATA16_Z
  Relative segment, address: 1D74 - 1D77 (0x4 bytes), align: 1
  Segment part 3.             Intra module refs:   rand
           ENTRY                   ADDRESS         REF BY
           =====                   =======         ======
           __iar_Tls_setup__Randinit
                                   1D74            srand (?srand)
    -------------------------------------------------------------------------
DATA16_I
  Relative segment, address: 1C54 - 1C57 (0x4 bytes), align: 1
  Segment part 4.             Intra module refs:   Segment part 12
                                                   rand
           ENTRY                   ADDRESS         REF BY
           =====                   =======         ======
           _Randseed               1C54            srand (?srand)
    -------------------------------------------------------------------------
DATA16_Z
  Relative segment, address: 1D78 - 1D7B (0x4 bytes), align: 1
  Segment part 6.             Intra module refs:   rand
           ENTRY                   ADDRESS         REF BY
           =====                   =======         ======
           __iar_Tls_setup__Randseed
                                   1D78            srand (?srand)
    -------------------------------------------------------------------------
DATA16_Z
  Relative segment, address: 1D7C - 1D7F (0x4 bytes), align: 1
  Segment part 7.             Intra module refs:   rand
    -------------------------------------------------------------------------
DATA16_Z
  Relative segment, address: 1D80 - 1D83 (0x4 bytes), align: 1
  Segment part 8.             Intra module refs:   rand
    -------------------------------------------------------------------------
DATA16_Z
  Relative segment, address: 1D84 - 1E03 (0x80 bytes), align: 1
  Segment part 9.             Intra module refs:   rand
    -------------------------------------------------------------------------
DATA16_Z
  Relative segment, address: 1E04 - 1E07 (0x4 bytes), align: 1
  Segment part 10.            Intra module refs:   rand
    -------------------------------------------------------------------------
<CODE> 1 (was CODE)
  Relative segment, address: B82C - B8E7 (0xbc bytes), align: 1
  Segment part 11.
           ENTRY                   ADDRESS         REF BY
           =====                   =======         ======
           rand                    B82C            ?Subroutine0 (random)
                                                   random_tick (random)
               calls indirect
               CSTACK = 00000000 ( 00000006 )
    -------------------------------------------------------------------------
<CODE> 1 (was CODE)
  Relative segment, address: E6FE - E713 (0x16 bytes), align: 1
  Segment part 12.            Intra module refs:   rand
    -------------------------------------------------------------------------
<CODE> 1 (was CODE)
  Relative segment, address: E6D2 - E6E7 (0x16 bytes), align: 1
  Segment part 13.            Intra module refs:   Segment part 12
                                                   rand
    -------------------------------------------------------------------------
DATA16_ID
  Relative segment, address: 8582 - 8585 (0x4 bytes), align: 1
  Segment part 5.             Intra module refs:   _Randseed

    -------------------------------------------------------------------------
  LIBRARY MODULE, NAME : ?IndCallR9

  SEGMENTS IN THE MODULE
  ======================
<CODE> 1 (was CODE)
  Relative segment, address: EF4C - EF4F (0x4 bytes), align: 1
  Segment part 0.
           ENTRY                   ADDRESS         REF BY
           =====                   =======         ======
           ?IndCallR9              EF4C            set_value (user)

    -------------------------------------------------------------------------
  LIBRARY MODULE, NAME : ?IndCallR15

  SEGMENTS IN THE MODULE
  ======================
<CODE> 1 (was CODE)
  Relative segment, address: EF3C - EF3F (0x4 bytes), align: 1
  Segment part 0.
           ENTRY                   ADDRESS         REF BY
           =====                   =======         ======
           ?IndCallR15             EF3C            ?Subroutine0 (main)
                                                   dispatchFrame (nwk_frame)
                                                   wakeup_event (main)

    -------------------------------------------------------------------------
  LIBRARY MODULE, NAME : ?srand

  SEGMENTS IN THE MODULE
  ======================
<CODE> 1 (was CODE)
  Relative segment, address: D92C - D95F (0x34 bytes), align: 1
  Segment part 2.
           ENTRY                   ADDRESS         REF BY
           =====                   =======         ======
           srand                   D92C            reset_random (random)
               calls indirect
               CSTACK = 00000000 ( 00000006 )

    -------------------------------------------------------------------------
  LIBRARY MODULE, NAME : ?__exit

  SEGMENTS IN THE MODULE
  ======================
<CODE> 1 (was CODE)
  Relative segment, address: EF60 - EF63 (0x4 bytes), align: 1
  Segment part 2.
           ENTRY                   ADDRESS         REF BY
           =====                   =======         ======
           __exit                  EF60            Segment part 6 (?_exit)
                                                   _exit (?_exit)




                ****************************************
                *                                      *
                *            MODULE SUMMARY            *
                *                                      *
                ****************************************

Module                CODE      DATA      CONST
------                ----      ----      -----
                     (Rel)  (Rel)  (Abs)  (Rel)
?Cast32f32i            146
?CopyMemoryBytes        16
?DivMod32s              64
?DivMod32u              56
?DivMod816s             52
?DivMod816u             28
?FLT_Extract            76
?FLT_LT                 82
?IndCallR15              4
?IndCallR9               4
?Mul32                  46
?Mul816                 50
?OneBitMask32           34
?ShiftRight32u          94
?__exit                  4
?_exit                   4
?cstart                 48
?exit                    4
?memcmp                 38
?memcpy                 18
?memmove                52
?memset                 18
?memzero                22
?rand                  232    153             4
?reset_vector            2
?srand                  52
_Add32f                354
_Cast32fto32u           12
_CmpLt32f               10
_Div32f                304
_Mul32f                272
acceleration           446     10            18
adc12                  136      3     13
  + common             114
alarm                  526      4
altitude             1 002     19            11
  + shared                             6
battery                212      6
bsp                    308             4
  + shared                            38
buzzer                 194      8
  + shared                             2
clock                1 598     19            26
countdowntimer         990     15
date                 1 238      7            21
display                958     10     12      8
  + shared                             2
display1                       84           712
display2               196                   30
main                 1 232     15     10     38
main_ED_BM             402      1
menu                   214      4           258
mrfi                 1 866     59      6     80
  + shared                            18
nwk                    940     29            29
nwk_QMgmt              406    140
nwk_api                612      1
nwk_frame              718      9            24
nwk_freq                 6
nwk_globals            112      9             9
nwk_ioctl              360
nwk_join               344      9
nwk_link               906      8
nwk_mgmt                68      1
nwk_ping               122      1
nwk_security             6
pmm                    144
ports                  670     10             1
  + shared              98             2
  + common
radio                  140             2
  + common             108
random                 746     14            30
rf1a                   232
rfbsl                  120      1            18
rfsimpliciti         1 294     69            28
stopwatch            1 094     24      2     24
  + shared                             4
temperature            668      6
timer                  884      7     16     12
  + common             112
user                   524
vti_as                 436      1      8
  + shared                             4
vti_ps               1 806     69      2     68
N/A (command line)            256
N/A (alignment)
----------          ------  -----    ---  -----
Total:              27 074  1 081    151  1 449
  + common             114


                ****************************************
                *                                      *
                *      SEGMENTS IN ADDRESS ORDER       *
                *                                      *
                ****************************************


SEGMENT              SPACE    START ADDRESS   END ADDRESS     SIZE  TYPE  ALIGN
=======              =====    =============   ===========     ====  ====  =====
DATA16_AN                              0102 - 0103               2   rel    0
                                       0120 - 0121               2 
                                       0124 - 0127               4 
                                       012C - 012D               2 
                                       015C - 015D               2 
                                       0160 - 0169               A 
                                       016C - 016F               4 
                                       01B0 - 01B1               2 
                                       01C0 - 01C3               4 
                                       01C8 - 01C9               2 
                                       01D0 - 01D1               2 
                                       0200 - 0207               8 
                                       020A - 020B               2 
                                       0218 - 021D               6 
                                       0222 - 0225               4 
                                       0244 - 0245               2 
                                       024A - 024B               2 
                                       0320 - 0325               6 
                                       0340 - 0343               4 
                                       0346 - 034B               6 
                                       0350 - 0353               4 
                                       0356 - 035B               6 
                                       036E - 036F               2 
                                       0380 - 0383               4 
                                       0390 - 0393               4 
                                       05C0 - 05C1               2 
                                       05C6 - 05C7               2 
                                       05CC - 05CC               1 
                                       05CE - 05CE               1 
                                       05DC - 05DD               2 
                                       0700 - 0703               4 
                                       070C - 0710               5 
                                       0720 - 0721               2 
                                       0A00 - 0A01               2 
                                       0A04 - 0A07               4 
                                       0A0A - 0A0D               4 
                                       0F02 - 0F03               2 
                                       0F06 - 0F07               2 
                                       0F0C - 0F13               8 
                                       0F20 - 0F23               4 
                                       0F30 - 0F39               A 
DATA16_I                               1C00 - 1C7A              7B   rel    1
DATA16_Z                               1C7C - 1F39             2BE   rel    1
CSTACK                                 2AFE - 2BFD             100   rel    1
DATA16_C                               8000 - 852D             52E   rel    1
DATA16_ID                              852E - 85A8              7B   rel    1
CSTART                                 85AA - 85D9              30   rel    1
ISR_CODE                               85DA - 8AD9             500   rel    1
<CODE> 1                               8ADA - EF69            6490   rel    1
INTVEC                                 FF80 - FFF1              72   com    1
RESET                                  FFFE - FFFF               2   rel    1

                ****************************************
                *                                      *
                *        END OF CROSS REFERENCE        *
                *                                      *
                ****************************************

 27 188 bytes of CODE  memory
  1 081 bytes of DATA  memory (+ 151 absolute )
  1 449 bytes of CONST memory

Errors: none
Warnings: none

